python : Form data requires "python-multipart" to be installed. 
At line:3 char:1
+ python -m uvicorn app:app --host 127.0.0.1 --port 8083 *> "c:\Users\h ...
+ ~~~~~~~~~~~~~~~~~~~~~~~~~~~~~~~~~~~~~~~~~~~~~~~~~~~~~~~~~~~~~~~~~~~~~
    + CategoryInfo          : NotSpecified: (Form data requi... be installed. :String) [], RemoteException
    + FullyQualifiedErrorId : NativeCommandError
 
You can install "python-multipart" with: 

pip install python-multipart

Traceback (most recent call last):
  File "<frozen runpy>", line 198, in _run_module_as_main
  File "<frozen runpy>", line 88, in _run_code
  File "C:\Users\hiwak\AppData\Local\Programs\Python\Python312\Lib\site-packages\uvicorn\__main__.py", line 4, in 
<module>
    uvicorn.main()
  File "C:\Users\hiwak\AppData\Local\Programs\Python\Python312\Lib\site-packages\click\core.py", line 1569, in __call__
    return self.main(*args, **kwargs)
           ^^^^^^^^^^^^^^^^^^^^^^^^^^
  File "C:\Users\hiwak\AppData\Local\Programs\Python\Python312\Lib\site-packages\click\core.py", line 1490, in main
    rv = self.invoke(ctx)
         ^^^^^^^^^^^^^^^^
  File "C:\Users\hiwak\AppData\Local\Programs\Python\Python312\Lib\site-packages\click\core.py", line 1353, in invoke
    return ctx.invoke(self.callback, **ctx.params)
           ^^^^^^^^^^^^^^^^^^^^^^^^^^^^^^^^^^^^^^^
  File "C:\Users\hiwak\AppData\Local\Programs\Python\Python312\Lib\site-packages\click\core.py", line 907, in invoke
    return callback(*args, **kwargs)
           ^^^^^^^^^^^^^^^^^^^^^^^^^
  File "C:\Users\hiwak\AppData\Local\Programs\Python\Python312\Lib\site-packages\uvicorn\main.py", line 440, in main
    run(
  File "C:\Users\hiwak\AppData\Local\Programs\Python\Python312\Lib\site-packages\uvicorn\main.py", line 609, in run
    config.load_app()
  File "C:\Users\hiwak\AppData\Local\Programs\Python\Python312\Lib\site-packages\uvicorn\config.py", line 428, in 
load_app
    return import_from_string(self.app)
           ^^^^^^^^^^^^^^^^^^^^^^^^^^^^
  File "C:\Users\hiwak\AppData\Local\Programs\Python\Python312\Lib\site-packages\uvicorn\importer.py", line 19, in 
import_from_string
    module = importlib.import_module(module_str)
             ^^^^^^^^^^^^^^^^^^^^^^^^^^^^^^^^^^^
  File "C:\Users\hiwak\AppData\Local\Programs\Python\Python312\Lib\importlib\__init__.py", line 90, in import_module
    return _bootstrap._gcd_import(name[level:], package, level)
           ^^^^^^^^^^^^^^^^^^^^^^^^^^^^^^^^^^^^^^^^^^^^^^^^^^^^
  File "<frozen importlib._bootstrap>", line 1387, in _gcd_import
  File "<frozen importlib._bootstrap>", line 1360, in _find_and_load
  File "<frozen importlib._bootstrap>", line 1331, in _find_and_load_unlocked
  File "<frozen importlib._bootstrap>", line 935, in _load_unlocked
  File "<frozen importlib._bootstrap_external>", line 995, in exec_module
  File "<frozen importlib._bootstrap>", line 488, in _call_with_frames_removed
  File "C:\Users\hiwak\gitclone\child_allowance_GraphRAG\webapp\app.py", line 183, in <module>
    @app.post("/api/check-application")
     ^^^^^^^^^^^^^^^^^^^^^^^^^^^^^^^^^^
  File "C:\Users\hiwak\AppData\Local\Programs\Python\Python312\Lib\site-packages\fastapi\routing.py", line 3004, in 
decorator
    self.add_api_route(
  File "C:\Users\hiwak\AppData\Local\Programs\Python\Python312\Lib\site-packages\fastapi\routing.py", line 2939, in 
add_api_route
    route = route_class(
            ^^^^^^^^^^^^
  File "C:\Users\hiwak\AppData\Local\Programs\Python\Python312\Lib\site-packages\fastapi\routing.py", line 1193, in 
__init__
    _populate_api_route_state(
  File "C:\Users\hiwak\AppData\Local\Programs\Python\Python312\Lib\site-packages\fastapi\routing.py", line 1061, in 
_populate_api_route_state
    ) = _build_dependant_with_parameterless_dependencies(
        ^^^^^^^^^^^^^^^^^^^^^^^^^^^^^^^^^^^^^^^^^^^^^^^^^
  File "C:\Users\hiwak\AppData\Local\Programs\Python\Python312\Lib\site-packages\fastapi\routing.py", line 861, in 
_build_dependant_with_parameterless_dependencies
    dependant = get_dependant(path=path, call=call, scope="function")
                ^^^^^^^^^^^^^^^^^^^^^^^^^^^^^^^^^^^^^^^^^^^^^^^^^^^^^
  File "C:\Users\hiwak\AppData\Local\Programs\Python\Python312\Lib\site-packages\fastapi\dependencies\utils.py", line 
296, in get_dependant
    param_details = analyze_param(
                    ^^^^^^^^^^^^^^
  File "C:\Users\hiwak\AppData\Local\Programs\Python\Python312\Lib\site-packages\fastapi\dependencies\utils.py", line 
523, in analyze_param
    ensure_multipart_is_installed()
  File "C:\Users\hiwak\AppData\Local\Programs\Python\Python312\Lib\site-packages\fastapi\dependencies\utils.py", line 
129, in ensure_multipart_is_installed
    raise RuntimeError(multipart_not_installed_error) from None
RuntimeError: Form data requires "python-multipart" to be installed. 
You can install "python-multipart" with: 

pip install python-multipart

